<?xml version="1.0" encoding="utf-8"?><testsuites><testsuite name="pytest" errors="0" failures="0" skipped="0" tests="15" time="11.676" timestamp="2022-10-03T21:26:10.858763" hostname="YY534418"><testcase classname="test_mem_interface" name="testbasics" time="0.003" /><testcase classname="test_mem_interface" name="testnumbers" time="10.259" /><testcase classname="test_mem_interface" name="test_read_reset" time="0.003" /><testcase classname="test_sharedobject" name="test_first1" time="0.001" /><testcase classname="test_sharedobject" name="test_process" time="0.320" /><testcase classname="test_sharedobject" name="test_processtight" time="0.324" /><testcase classname="test_sharedobject" name="test_processnum" time="0.304" /><testcase classname="test_sharedobject" name="test_startbytes" time="0.001" /><testcase classname="test_sharedobject" name="test_bool" time="0.001" /><testcase classname="test_sharedobject" name="test_ints" time="0.001" /><testcase classname="test_sharedobject" name="test_int" time="0.001" /><testcase classname="test_sharedobject" name="test_string" time="0.001" /><testcase classname="test_sharedobject" name="test_processstring" time="0.338" /><testcase classname="test_sharedobject" name="test_shared_string_basic" time="0.001" /><testcase classname="test_sharedobject" name="test_shared_string" time="0.001" /></testsuite></testsuites>